Archive member included to satisfy reference by file (symbol)

C:/ST/STM32CubeIDE_1.11.2/STM32CubeIDE/plugins/com.st.stm32cube.ide.mcu.externaltools.gnu-tools-for-stm32.12.3.rel1.win32_1.1.0.202410251130/tools/bin/../lib/gcc/arm-none-eabi/12.3.1/../../../../arm-none-eabi/lib/thumb/v7e-m/nofp\libc_nano.a(libc_a-exit.o)
                              C:/ST/STM32CubeIDE_1.11.2/STM32CubeIDE/plugins/com.st.stm32cube.ide.mcu.externaltools.gnu-tools-for-stm32.12.3.rel1.win32_1.1.0.202410251130/tools/bin/../lib/gcc/arm-none-eabi/12.3.1/../../../../arm-none-eabi/lib/thumb/v7e-m/nofp/crt0.o (exit)
C:/ST/STM32CubeIDE_1.11.2/STM32CubeIDE/plugins/com.st.stm32cube.ide.mcu.externaltools.gnu-tools-for-stm32.12.3.rel1.win32_1.1.0.202410251130/tools/bin/../lib/gcc/arm-none-eabi/12.3.1/../../../../arm-none-eabi/lib/thumb/v7e-m/nofp\libc_nano.a(libc_a-findfp.o)
                              C:/ST/STM32CubeIDE_1.11.2/STM32CubeIDE/plugins/com.st.stm32cube.ide.mcu.externaltools.gnu-tools-for-stm32.12.3.rel1.win32_1.1.0.202410251130/tools/bin/../lib/gcc/arm-none-eabi/12.3.1/../../../../arm-none-eabi/lib/thumb/v7e-m/nofp\libc_nano.a(libc_a-exit.o) (__stdio_exit_handler)
C:/ST/STM32CubeIDE_1.11.2/STM32CubeIDE/plugins/com.st.stm32cube.ide.mcu.externaltools.gnu-tools-for-stm32.12.3.rel1.win32_1.1.0.202410251130/tools/bin/../lib/gcc/arm-none-eabi/12.3.1/../../../../arm-none-eabi/lib/thumb/v7e-m/nofp\libc_nano.a(libc_a-fwalk.o)
                              C:/ST/STM32CubeIDE_1.11.2/STM32CubeIDE/plugins/com.st.stm32cube.ide.mcu.externaltools.gnu-tools-for-stm32.12.3.rel1.win32_1.1.0.202410251130/tools/bin/../lib/gcc/arm-none-eabi/12.3.1/../../../../arm-none-eabi/lib/thumb/v7e-m/nofp\libc_nano.a(libc_a-findfp.o) (_fwalk_sglue)
C:/ST/STM32CubeIDE_1.11.2/STM32CubeIDE/plugins/com.st.stm32cube.ide.mcu.externaltools.gnu-tools-for-stm32.12.3.rel1.win32_1.1.0.202410251130/tools/bin/../lib/gcc/arm-none-eabi/12.3.1/../../../../arm-none-eabi/lib/thumb/v7e-m/nofp\libc_nano.a(libc_a-stdio.o)
                              C:/ST/STM32CubeIDE_1.11.2/STM32CubeIDE/plugins/com.st.stm32cube.ide.mcu.externaltools.gnu-tools-for-stm32.12.3.rel1.win32_1.1.0.202410251130/tools/bin/../lib/gcc/arm-none-eabi/12.3.1/../../../../arm-none-eabi/lib/thumb/v7e-m/nofp\libc_nano.a(libc_a-findfp.o) (__sread)
C:/ST/STM32CubeIDE_1.11.2/STM32CubeIDE/plugins/com.st.stm32cube.ide.mcu.externaltools.gnu-tools-for-stm32.12.3.rel1.win32_1.1.0.202410251130/tools/bin/../lib/gcc/arm-none-eabi/12.3.1/../../../../arm-none-eabi/lib/thumb/v7e-m/nofp\libc_nano.a(libc_a-memset.o)
                              C:/ST/STM32CubeIDE_1.11.2/STM32CubeIDE/plugins/com.st.stm32cube.ide.mcu.externaltools.gnu-tools-for-stm32.12.3.rel1.win32_1.1.0.202410251130/tools/bin/../lib/gcc/arm-none-eabi/12.3.1/../../../../arm-none-eabi/lib/thumb/v7e-m/nofp/crt0.o (memset)
C:/ST/STM32CubeIDE_1.11.2/STM32CubeIDE/plugins/com.st.stm32cube.ide.mcu.externaltools.gnu-tools-for-stm32.12.3.rel1.win32_1.1.0.202410251130/tools/bin/../lib/gcc/arm-none-eabi/12.3.1/../../../../arm-none-eabi/lib/thumb/v7e-m/nofp\libc_nano.a(libc_a-closer.o)
                              C:/ST/STM32CubeIDE_1.11.2/STM32CubeIDE/plugins/com.st.stm32cube.ide.mcu.externaltools.gnu-tools-for-stm32.12.3.rel1.win32_1.1.0.202410251130/tools/bin/../lib/gcc/arm-none-eabi/12.3.1/../../../../arm-none-eabi/lib/thumb/v7e-m/nofp\libc_nano.a(libc_a-stdio.o) (_close_r)
C:/ST/STM32CubeIDE_1.11.2/STM32CubeIDE/plugins/com.st.stm32cube.ide.mcu.externaltools.gnu-tools-for-stm32.12.3.rel1.win32_1.1.0.202410251130/tools/bin/../lib/gcc/arm-none-eabi/12.3.1/../../../../arm-none-eabi/lib/thumb/v7e-m/nofp\libc_nano.a(libc_a-reent.o)
                              C:/ST/STM32CubeIDE_1.11.2/STM32CubeIDE/plugins/com.st.stm32cube.ide.mcu.externaltools.gnu-tools-for-stm32.12.3.rel1.win32_1.1.0.202410251130/tools/bin/../lib/gcc/arm-none-eabi/12.3.1/../../../../arm-none-eabi/lib/thumb/v7e-m/nofp\libc_nano.a(libc_a-closer.o) (errno)
C:/ST/STM32CubeIDE_1.11.2/STM32CubeIDE/plugins/com.st.stm32cube.ide.mcu.externaltools.gnu-tools-for-stm32.12.3.rel1.win32_1.1.0.202410251130/tools/bin/../lib/gcc/arm-none-eabi/12.3.1/../../../../arm-none-eabi/lib/thumb/v7e-m/nofp\libc_nano.a(libc_a-impure.o)
                              C:/ST/STM32CubeIDE_1.11.2/STM32CubeIDE/plugins/com.st.stm32cube.ide.mcu.externaltools.gnu-tools-for-stm32.12.3.rel1.win32_1.1.0.202410251130/tools/bin/../lib/gcc/arm-none-eabi/12.3.1/../../../../arm-none-eabi/lib/thumb/v7e-m/nofp\libc_nano.a(libc_a-reent.o) (_impure_ptr)
C:/ST/STM32CubeIDE_1.11.2/STM32CubeIDE/plugins/com.st.stm32cube.ide.mcu.externaltools.gnu-tools-for-stm32.12.3.rel1.win32_1.1.0.202410251130/tools/bin/../lib/gcc/arm-none-eabi/12.3.1/../../../../arm-none-eabi/lib/thumb/v7e-m/nofp\libc_nano.a(libc_a-lseekr.o)
[...]
Memory Configuration

Name             Origin             Length             Attributes
RAM              0x20000000         0x00020000         xrw
FLASH            0x08000000         0x00080000         xr
*default*        0x00000000         0xffffffff

Linker script and memory map

LOAD C:/ST/STM32CubeIDE_1.11.2/STM32CubeIDE/plugins/com.st.stm32cube.ide.mcu.externaltools.gnu-tools-for-stm32.12.3.rel1.win32_1.1.0.202410251130/tools/bin/../lib/gcc/arm-none-eabi/12.3.1/thumb/v7e-m/nofp/crti.o
LOAD C:/ST/STM32CubeIDE_1.11.2/STM32CubeIDE/plugins/com.st.stm32cube.ide.mcu.externaltools.gnu-tools-for-stm32.12.3.rel1.win32_1.1.0.202410251130/tools/bin/../lib/gcc/arm-none-eabi/12.3.1/thumb/v7e-m/nofp/crtbegin.o
LOAD C:/ST/STM32CubeIDE_1.11.2/STM32CubeIDE/plugins/com.st.stm32cube.ide.mcu.externaltools.gnu-tools-for-stm32.12.3.rel1.win32_1.1.0.202410251130/tools/bin/../lib/gcc/arm-none-eabi/12.3.1/../../../../arm-none-eabi/lib/thumb/v7e-m/nofp/crt0.o
LOAD ./Drivers/Src/stm32f446xx_gpio_driver.o
LOAD ./Src/002Led_button.o
LOAD ./Startup/startup_stm32f446retx.o
START GROUP
LOAD C:/ST/STM32CubeIDE_1.11.2/STM32CubeIDE/plugins/com.st.stm32cube.ide.mcu.externaltools.gnu-tools-for-stm32.12.3.rel1.win32_1.1.0.202410251130/tools/bin/../lib/gcc/arm-none-eabi/12.3.1/../../../../arm-none-eabi/lib/thumb/v7e-m/nofp\libc_nano.a
LOAD C:/ST/STM32CubeIDE_1.11.2/STM32CubeIDE/plugins/com.st.stm32cube.ide.mcu.externaltools.gnu-tools-for-stm32.12.3.rel1.win32_1.1.0.202410251130/tools/bin/../lib/gcc/arm-none-eabi/12.3.1/../../../../arm-none-eabi/lib/thumb/v7e-m/nofp\libm.a
END GROUP
START GROUP
LOAD C:/ST/STM32CubeIDE_1.11.2/STM32CubeIDE/plugins/com.st.stm32cube.ide.mcu.externaltools.gnu-tools-for-stm32.12.3.rel1.win32_1.1.0.202410251130/tools/bin/../lib/gcc/arm-none-eabi/12.3.1/thumb/v7e-m/nofp\libgcc.a
LOAD C:/ST/STM32CubeIDE_1.11.2/STM32CubeIDE/plugins/com.st.stm32cube.ide.mcu.externaltools.gnu-tools-for-stm32.12.3.rel1.win32_1.1.0.202410251130/tools/bin/../lib/gcc/arm-none-eabi/12.3.1/../../../../arm-none-eabi/lib/thumb/v7e-m/nofp\libc_nano.a
END GROUP
START GROUP
LOAD C:/ST/STM32CubeIDE_1.11.2/STM32CubeIDE/plugins/com.st.stm32cube.ide.mcu.externaltools.gnu-tools-for-stm32.12.3.rel1.win32_1.1.0.202410251130/tools/bin/../lib/gcc/arm-none-eabi/12.3.1/thumb/v7e-m/nofp\libgcc.a
LOAD C:/ST/STM32CubeIDE_1.11.2/STM32CubeIDE/plugins/com.st.stm32cube.ide.mcu.externaltools.gnu-tools-for-stm32.12.3.rel1.win32_1.1.0.202410251130/tools/bin/../lib/gcc/arm-none-eabi/12.3.1/../../../../arm-none-eabi/lib/thumb/v7e-m/nofp\libc_nano.a
LOAD C:/ST/STM32CubeIDE_1.11.2/STM32CubeIDE/plugins/com.st.stm32cube.ide.mcu.externaltools.gnu-tools-for-stm32.12.3.rel1.win32_1.1.0.202410251130/tools/bin/../lib/gcc/arm-none-eabi/12.3.1/../../../../arm-none-eabi/lib/thumb/v7e-m/nofp\libnosys.a
END GROUP
START GROUP
LOAD C:/ST/STM32CubeIDE_1.11.2/STM32CubeIDE/plugins/com.st.stm32cube.ide.mcu.externaltools.gnu-tools-for-stm32.12.3.rel1.win32_1.1.0.202410251130/tools/bin/../lib/gcc/arm-none-eabi/12.3.1/thumb/v7e-m/nofp\libgcc.a
LOAD C:/ST/STM32CubeIDE_1.11.2/STM32CubeIDE/plugins/com.st.stm32cube.ide.mcu.externaltools.gnu-tools-for-stm32.12.3.rel1.win32_1.1.0.202410251130/tools/bin/../lib/gcc/arm-none-eabi/12.3.1/../../../../arm-none-eabi/lib/thumb/v7e-m/nofp\libc_nano.a
LOAD C:/ST/STM32CubeIDE_1.11.2/STM32CubeIDE/plugins/com.st.stm32cube.ide.mcu.externaltools.gnu-tools-for-stm32.12.3.rel1.win32_1.1.0.202410251130/tools/bin/../lib/gcc/arm-none-eabi/12.3.1/../../../../arm-none-eabi/lib/thumb/v7e-m/nofp\libnosys.a
END GROUP
LOAD C:/ST/STM32CubeIDE_1.11.2/STM32CubeIDE/plugins/com.st.stm32cube.ide.mcu.externaltools.gnu-tools-for-stm32.12.3.rel1.win32_1.1.0.202410251130/tools/bin/../lib/gcc/arm-none-eabi/12.3.1/thumb/v7e-m/nofp/crtend.o
LOAD C:/ST/STM32CubeIDE_1.11.2/STM32CubeIDE/plugins/com.st.stm32cube.ide.mcu.externaltools.gnu-tools-for-stm32.12.3.rel1.win32_1.1.0.202410251130/tools/bin/../lib/gcc/arm-none-eabi/12.3.1/thumb/v7e-m/nofp/crtn.o
                0x20020000                        _estack = (ORIGIN (RAM) + LENGTH (RAM))
                0x00000200                        _Min_Heap_Size = 0x200
                0x00000400                        _Min_Stack_Size = 0x400

.isr_vector     0x08000000      0x1c4
                0x08000000                        . = ALIGN (0x4)
 *(.isr_vector)
 .isr_vector    0x08000000      0x1c4 ./Startup/startup_stm32f446retx.o
                0x08000000                g_pfnVectors
                0x080001c4                        . = ALIGN (0x4)

.text           0x080001c4      0x56c
                0x080001c4                        . = ALIGN (0x4)
 *(.text)
 .text          0x080001c4       0x40 C:/ST/STM32CubeIDE_1.11.2/STM32CubeIDE/plugins/com.st.stm32cube.ide.mcu.externaltools.gnu-tools-for-stm32.12.3.rel1.win32_1.1.0.202410251130/tools/bin/../lib/gcc/arm-none-eabi/12.3.1/thumb/v7e-m/nofp/crtbegin.o
 *(.text*)
 .text.GPIO_PeriClockControl
                0x08000204      0x1a4 ./Drivers/Src/stm32f446xx_gpio_driver.o
                0x08000204                GPIO_PeriClockControl
 .text.GPIO_Init
                0x080003a8      0x1dc ./Drivers/Src/stm32f446xx_gpio_driver.o
                0x080003a8                GPIO_Init
 .text.GPIO_ReadFromInputPin
                0x08000584       0x2a ./Drivers/Src/stm32f446xx_gpio_driver.o
                0x08000584                GPIO_ReadFromInputPin
 .text.GPIO_ToggleOutputPin
                0x080005ae       0x28 ./Drivers/Src/stm32f446xx_gpio_driver.o
                0x080005ae                GPIO_ToggleOutputPin
 *fill*         0x080005d6        0x2 
 .text.delay    0x080005d8       0x2c ./Src/002Led_button.o
                0x080005d8                delay
 .text.main     0x08000604       0x78 ./Src/002Led_button.o
                0x08000604                main
 .text.Reset_Handler
                0x0800067c       0x50 ./Startup/startup_stm32f446retx.o
                0x0800067c                Reset_Handler
 .text.Default_Handler
                0x080006cc        0x2 ./Startup/startup_stm32f446retx.o
                0x080006cc                RTC_Alarm_IRQHandler
                0x080006cc                EXTI2_IRQHandler
                0x080006cc                TIM8_CC_IRQHandler
                0x080006cc                SPDIF_Rx_IRQHandler
                0x080006cc                DebugMon_Handler
                0x080006cc                SPI4_IRQHandler
                0x080006cc                TIM1_CC_IRQHandler
                0x080006cc                QuadSPI_IRQHandler
                0x080006cc                DMA2_Stream5_IRQHandler
                0x080006cc                HardFault_Handler
                0x080006cc                DMA1_Stream5_IRQHandler
                0x080006cc                SysTick_Handler
                0x080006cc                PVD_IRQHandler
                0x080006cc                SDIO_IRQHandler
                0x080006cc                TAMP_STAMP_IRQHandler
                0x080006cc                PendSV_Handler
                0x080006cc                NMI_Handler
                0x080006cc                CAN2_RX1_IRQHandler
                0x080006cc                EXTI3_IRQHandler
                0x080006cc                TIM8_TRG_COM_TIM14_IRQHandler
                0x080006cc                TIM1_UP_TIM10_IRQHandler
                0x080006cc                FMPI2C1_error_IRQHandler
                0x080006cc                TIM8_UP_TIM13_IRQHandler
                0x080006cc                I2C3_ER_IRQHandler
                0x080006cc                EXTI0_IRQHandler
                0x080006cc                I2C2_EV_IRQHandler
                0x080006cc                DMA1_Stream2_IRQHandler
                0x080006cc                CAN1_RX0_IRQHandler
                0x080006cc                OTG_HS_WKUP_IRQHandler
                0x080006cc                UsageFault_Handler
                0x080006cc                CAN2_SCE_IRQHandler
                0x080006cc                DMA2_Stream2_IRQHandler
                0x080006cc                SPI1_IRQHandler
                0x080006cc                TIM6_DAC_IRQHandler
                0x080006cc                TIM1_BRK_TIM9_IRQHandler
                0x080006cc                DCMI_IRQHandler
                0x080006cc                CAN2_RX0_IRQHandler
                0x080006cc                DMA2_Stream3_IRQHandler
                0x080006cc                FMPI2C1_IRQHandler
                0x080006cc                SAI2_IRQHandler
                0x080006cc                USART6_IRQHandler
                0x080006cc                USART3_IRQHandler
                0x080006cc                CAN1_RX1_IRQHandler
                0x080006cc                UART5_IRQHandler
                0x080006cc                DMA2_Stream0_IRQHandler
                0x080006cc                TIM4_IRQHandler
                0x080006cc                I2C1_EV_IRQHandler
                0x080006cc                HDMI_CEC_IRQHandler
                0x080006cc                DMA1_Stream6_IRQHandler
                0x080006cc                DMA1_Stream1_IRQHandler
                0x080006cc                UART4_IRQHandler
                0x080006cc                TIM3_IRQHandler
                0x080006cc                RCC_IRQHandler
                0x080006cc                TIM8_BRK_TIM12_IRQHandler
                0x080006cc                Default_Handler
                0x080006cc                EXTI15_10_IRQHandler
                0x080006cc                ADC_IRQHandler
                0x080006cc                DMA1_Stream7_IRQHandler
                0x080006cc                TIM7_IRQHandler
                0x080006cc                CAN2_TX_IRQHandler
                0x080006cc                TIM5_IRQHandler
                0x080006cc                DMA2_Stream7_IRQHandler
                0x080006cc                I2C3_EV_IRQHandler
                0x080006cc                EXTI9_5_IRQHandler
                0x080006cc                RTC_WKUP_IRQHandler
                0x080006cc                SPI2_IRQHandler
                0x080006cc                OTG_HS_EP1_IN_IRQHandler
                0x080006cc                MemManage_Handler
                0x080006cc                DMA1_Stream0_IRQHandler
                0x080006cc                CAN1_TX_IRQHandler
                0x080006cc                SVC_Handler
                0x080006cc                EXTI4_IRQHandler
                0x080006cc                OTG_HS_EP1_OUT_IRQHandler
                0x080006cc                WWDG_IRQHandler
                0x080006cc                TIM2_IRQHandler
                0x080006cc                OTG_FS_WKUP_IRQHandler
                0x080006cc                TIM1_TRG_COM_TIM11_IRQHandler
                0x080006cc                OTG_HS_IRQHandler
                0x080006cc                EXTI1_IRQHandler
                0x080006cc                USART2_IRQHandler
                0x080006cc                I2C2_ER_IRQHandler
                0x080006cc                DMA2_Stream1_IRQHandler
                0x080006cc                CAN1_SCE_IRQHandler
                0x080006cc                FLASH_IRQHandler
                0x080006cc                DMA2_Stream4_IRQHandler
                0x080006cc                BusFault_Handler
                0x080006cc                USART1_IRQHandler
                0x080006cc                OTG_FS_IRQHandler
                0x080006cc                SPI3_IRQHandler
                0x080006cc                DMA1_Stream4_IRQHandler
                0x080006cc                I2C1_ER_IRQHandler
                0x080006cc                FMC_IRQHandler
                0x080006cc                DMA2_Stream6_IRQHandler
                0x080006cc                SAI1_IRQHandler
                0x080006cc                DMA1_Stream3_IRQHandler
 *fill*         0x080006ce        0x2 
 .text.__libc_init_array
                0x080006d0       0x48 C:/ST/STM32CubeIDE_1.11.2/STM32CubeIDE/plugins/com.st.stm32cube.ide.mcu.externaltools.gnu-tools-for-stm32.12.3.rel1.win32_1.1.0.202410251130/tools/bin/../lib/gcc/arm-none-eabi/12.3.1/../../../../arm-none-eabi/lib/thumb/v7e-m/nofp\libc_nano.a(libc_a-init.o)
                0x080006d0                __libc_init_array
 *(.glue_7)
 .glue_7        0x08000718        0x0 linker stubs
 *(.glue_7t)
 .glue_7t       0x08000718        0x0 linker stubs
 *(.eh_frame)
 .eh_frame      0x08000718        0x0 C:/ST/STM32CubeIDE_1.11.2/STM32CubeIDE/plugins/com.st.stm32cube.ide.mcu.externaltools.gnu-tools-for-stm32.12.3.rel1.win32_1.1.0.202410251130/tools/bin/../lib/gcc/arm-none-eabi/12.3.1/thumb/v7e-m/nofp/crtbegin.o
 *(.init)
 .init          0x08000718        0x4 C:/ST/STM32CubeIDE_1.11.2/STM32CubeIDE/plugins/com.st.stm32cube.ide.mcu.externaltools.gnu-tools-for-stm32.12.3.rel1.win32_1.1.0.202410251130/tools/bin/../lib/gcc/arm-none-eabi/12.3.1/thumb/v7e-m/nofp/crti.o
                0x08000718                _init
 .init          0x0800071c        0x8 C:/ST/STM32CubeIDE_1.11.2/STM32CubeIDE/plugins/com.st.stm32cube.ide.mcu.externaltools.gnu-tools-for-stm32.12.3.rel1.win32_1.1.0.202410251130/tools/bin/../lib/gcc/arm-none-eabi/12.3.1/thumb/v7e-m/nofp/crtn.o
 *(.fini)
 .fini          0x08000724        0x4 C:/ST/STM32CubeIDE_1.11.2/STM32CubeIDE/plugins/com.st.stm32cube.ide.mcu.externaltools.gnu-tools-for-stm32.12.3.rel1.win32_1.1.0.202410251130/tools/bin/../lib/gcc/arm-none-eabi/12.3.1/thumb/v7e-m/nofp/crti.o
                0x08000724                _fini
 .fini          0x08000728        0x8 C:/ST/STM32CubeIDE_1.11.2/STM32CubeIDE/plugins/com.st.stm32cube.ide.mcu.externaltools.gnu-tools-for-stm32.12.3.rel1.win32_1.1.0.202410251130/tools/bin/../lib/gcc/arm-none-eabi/12.3.1/thumb/v7e-m/nofp/crtn.o
                0x08000730                        . = ALIGN (0x4)
                0x08000730                        _etext = .

.vfp11_veneer   0x08000730        0x0
 .vfp11_veneer  0x08000730        0x0 linker stubs

.v4_bx          0x08000730        0x0
 .v4_bx         0x08000730        0x0 linker stubs

.iplt           0x08000730        0x0
 .iplt          0x08000730        0x0 C:/ST/STM32CubeIDE_1.11.2/STM32CubeIDE/plugins/com.st.stm32cube.ide.mcu.externaltools.gnu-tools-for-stm32.12.3.rel1.win32_1.1.0.202410251130/tools/bin/../lib/gcc/arm-none-eabi/12.3.1/thumb/v7e-m/nofp/crtbegin.o

.rodata         0x08000730        0x0
                0x08000730                        . = ALIGN (0x4)
 *(.rodata)
 *(.rodata*)
                0x08000730                        . = ALIGN (0x4)

.ARM.extab      0x08000730        0x0
                0x08000730                        . = ALIGN (0x4)
 *(.ARM.extab* .gnu.linkonce.armextab.*)
                0x08000730                        . = ALIGN (0x4)

.ARM            0x08000730        0x0
                0x08000730                        . = ALIGN (0x4)
                0x08000730                        __exidx_start = .
 *(.ARM.exidx*)
                0x08000730                        __exidx_end = .
                0x08000730                        . = ALIGN (0x4)

.preinit_array  0x08000730        0x0
                0x08000730                        . = ALIGN (0x4)
                0x08000730                        PROVIDE (__preinit_array_start = .)
 *(.preinit_array*)
                0x08000730                        PROVIDE (__preinit_array_end = .)
                0x08000730                        . = ALIGN (0x4)

.init_array     0x08000730        0x4
                0x08000730                        . = ALIGN (0x4)
                0x08000730                        PROVIDE (__init_array_start = .)
 *(SORT_BY_NAME(.init_array.*))
 *(.init_array*)
 .init_array    0x08000730        0x4 C:/ST/STM32CubeIDE_1.11.2/STM32CubeIDE/plugins/com.st.stm32cube.ide.mcu.externaltools.gnu-tools-for-stm32.12.3.rel1.win32_1.1.0.202410251130/tools/bin/../lib/gcc/arm-none-eabi/12.3.1/thumb/v7e-m/nofp/crtbegin.o
                0x08000734                        PROVIDE (__init_array_end = .)
                0x08000734                        . = ALIGN (0x4)

.fini_array     0x08000734        0x4
                0x08000734                        . = ALIGN (0x4)
                [!provide]                        PROVIDE (__fini_array_start = .)
 *(SORT_BY_NAME(.fini_array.*))
 *(.fini_array*)
 .fini_array    0x08000734        0x4 C:/ST/STM32CubeIDE_1.11.2/STM32CubeIDE/plugins/com.st.stm32cube.ide.mcu.externaltools.gnu-tools-for-stm32.12.3.rel1.win32_1.1.0.202410251130/tools/bin/../lib/gcc/arm-none-eabi/12.3.1/thumb/v7e-m/nofp/crtbegin.o
                [!provide]                        PROVIDE (__fini_array_end = .)
                0x08000738                        . = ALIGN (0x4)
                0x08000738                        _sidata = LOADADDR (.data)

.rel.dyn        0x08000738        0x0
 .rel.iplt      0x08000738        0x0 C:/ST/STM32CubeIDE_1.11.2/STM32CubeIDE/plugins/com.st.stm32cube.ide.mcu.externaltools.gnu-tools-for-stm32.12.3.rel1.win32_1.1.0.202410251130/tools/bin/../lib/gcc/arm-none-eabi/12.3.1/thumb/v7e-m/nofp/crtbegin.o

.data           0x20000000        0x0 load address 0x08000738
                0x20000000                        . = ALIGN (0x4)
                0x20000000                        _sdata = .
 *(.data)
 *(.data*)
 *(.RamFunc)
 *(.RamFunc*)
                0x20000000                        . = ALIGN (0x4)
                0x20000000                        _edata = .

.igot.plt       0x20000000        0x0 load address 0x08000738
 .igot.plt      0x20000000        0x0 C:/ST/STM32CubeIDE_1.11.2/STM32CubeIDE/plugins/com.st.stm32cube.ide.mcu.externaltools.gnu-tools-for-stm32.12.3.rel1.win32_1.1.0.202410251130/tools/bin/../lib/gcc/arm-none-eabi/12.3.1/thumb/v7e-m/nofp/crtbegin.o
                0x20000000                        . = ALIGN (0x4)

.bss            0x20000000       0x1c load address 0x08000738
                0x20000000                        _sbss = .
                0x20000000                        __bss_start__ = _sbss
 *(.bss)
 .bss           0x20000000       0x1c C:/ST/STM32CubeIDE_1.11.2/STM32CubeIDE/plugins/com.st.stm32cube.ide.mcu.externaltools.gnu-tools-for-stm32.12.3.rel1.win32_1.1.0.202410251130/tools/bin/../lib/gcc/arm-none-eabi/12.3.1/thumb/v7e-m/nofp/crtbegin.o
 *(.bss*)
 *(COMMON)
                0x2000001c                        . = ALIGN (0x4)
                0x2000001c                        _ebss = .
                0x2000001c                        __bss_end__ = _ebss

._user_heap_stack
                0x2000001c      0x604 load address 0x08000738
                0x20000020                        . = ALIGN (0x8)
 *fill*         0x2000001c        0x4 
                0x20000020                        PROVIDE (end = .)
                [!provide]                        PROVIDE (_end = .)
                0x20000220                        . = (. + _Min_Heap_Size)
 *fill*         0x20000020      0x200 
                0x20000620                        . = (. + _Min_Stack_Size)
 *fill*         0x20000220      0x400 
                0x20000620                        . = ALIGN (0x8)

/DISCARD/
 libc.a(*)
 libm.a(*)
 libgcc.a(*)

.ARM.attributes
                0x00000000       0x2a
 *(.ARM.attributes)
 .ARM.attributes
                0x00000000       0x1e C:/ST/STM32CubeIDE_1.11.2/STM32CubeIDE/plugins/com.st.stm32cube.ide.mcu.externaltools.gnu-tools-for-stm32.12.3.rel1.win32_1.1.0.202410251130/tools/bin/../lib/gcc/arm-none-eabi/12.3.1/thumb/v7e-m/nofp/crti.o
 .ARM.attributes
                0x0000001e       0x2e C:/ST/STM32CubeIDE_1.11.2/STM32CubeIDE/plugins/com.st.stm32cube.ide.mcu.externaltools.gnu-tools-for-stm32.12.3.rel1.win32_1.1.0.202410251130/tools/bin/../lib/gcc/arm-none-eabi/12.3.1/thumb/v7e-m/nofp/crtbegin.o
 .ARM.attributes
                0x0000004c       0x2e ./Drivers/Src/stm32f446xx_gpio_driver.o
 .ARM.attributes
                0x0000007a       0x2e ./Src/002Led_button.o
 .ARM.attributes
                0x000000a8       0x21 ./Startup/startup_stm32f446retx.o
 .ARM.attributes
                0x000000c9       0x2e C:/ST/STM32CubeIDE_1.11.2/STM32CubeIDE/plugins/com.st.stm32cube.ide.mcu.externaltools.gnu-tools-for-stm32.12.3.rel1.win32_1.1.0.202410251130/tools/bin/../lib/gcc/arm-none-eabi/12.3.1/../../../../arm-none-eabi/lib/thumb/v7e-m/nofp\libc_nano.a(libc_a-init.o)
 .ARM.attributes
                0x000000f7       0x1e C:/ST/STM32CubeIDE_1.11.2/STM32CubeIDE/plugins/com.st.stm32cube.ide.mcu.externaltools.gnu-tools-for-stm32.12.3.rel1.win32_1.1.0.202410251130/tools/bin/../lib/gcc/arm-none-eabi/12.3.1/thumb/v7e-m/nofp/crtn.o
OUTPUT(stm32f446xx_Drivers.elf elf32-littlearm)
LOAD linker stubs
LOAD C:/ST/STM32CubeIDE_1.11.2/STM32CubeIDE/plugins/com.st.stm32cube.ide.mcu.externaltools.gnu-tools-for-stm32.12.3.rel1.win32_1.1.0.202410251130/tools/bin/../lib/gcc/arm-none-eabi/12.3.1/../../../../arm-none-eabi/lib/thumb/v7e-m/nofp\libc.a
LOAD C:/ST/STM32CubeIDE_1.11.2/STM32CubeIDE/plugins/com.st.stm32cube.ide.mcu.externaltools.gnu-tools-for-stm32.12.3.rel1.win32_1.1.0.202410251130/tools/bin/../lib/gcc/arm-none-eabi/12.3.1/../../../../arm-none-eabi/lib/thumb/v7e-m/nofp\libm.a
LOAD C:/ST/STM32CubeIDE_1.11.2/STM32CubeIDE/plugins/com.st.stm32cube.ide.mcu.externaltools.gnu-tools-for-stm32.12.3.rel1.win32_1.1.0.202410251130/tools/bin/../lib/gcc/arm-none-eabi/12.3.1/thumb/v7e-m/nofp\libgcc.a

.debug_info     0x00000000      0x934
 .debug_info    0x00000000      0x675 ./Drivers/Src/stm32f446xx_gpio_driver.o
 .debug_info    0x00000675      0x28f ./Src/002Led_button.o
 .debug_info    0x00000904       0x30 ./Startup/startup_stm32f446retx.o

.debug_abbrev   0x00000000      0x28d
 .debug_abbrev  0x00000000      0x141 ./Drivers/Src/stm32f446xx_gpio_driver.o
 .debug_abbrev  0x00000141      0x128 ./Src/002Led_button.o
 .debug_abbrev  0x00000269       0x24 ./Startup/startup_stm32f446retx.o

.debug_aranges  0x00000000       0xb8
 .debug_aranges
                0x00000000       0x68 ./Drivers/Src/stm32f446xx_gpio_driver.o
 .debug_aranges
                0x00000068       0x28 ./Src/002Led_button.o
 .debug_aranges
                0x00000090       0x28 ./Startup/startup_stm32f446retx.o

.debug_rnglists
                0x00000000       0x7e
 .debug_rnglists
                0x00000000       0x4c ./Drivers/Src/stm32f446xx_gpio_driver.o
 .debug_rnglists
                0x0000004c       0x19 ./Src/002Led_button.o
 .debug_rnglists
                0x00000065       0x19 ./Startup/startup_stm32f446retx.o

.debug_macro    0x00000000     0x1372
 .debug_macro   0x00000000       0x86 ./Drivers/Src/stm32f446xx_gpio_driver.o
 .debug_macro   0x00000086      0xab4 ./Drivers/Src/stm32f446xx_gpio_driver.o
 .debug_macro   0x00000b3a       0x22 ./Drivers/Src/stm32f446xx_gpio_driver.o
 .debug_macro   0x00000b5c       0x8e ./Drivers/Src/stm32f446xx_gpio_driver.o
 .debug_macro   0x00000bea       0x51 ./Drivers/Src/stm32f446xx_gpio_driver.o
 .debug_macro   0x00000c3b      0x103 ./Drivers/Src/stm32f446xx_gpio_driver.o
 .debug_macro   0x00000d3e       0x6a ./Drivers/Src/stm32f446xx_gpio_driver.o
 .debug_macro   0x00000da8      0x1df ./Drivers/Src/stm32f446xx_gpio_driver.o
 .debug_macro   0x00000f87      0x291 ./Drivers/Src/stm32f446xx_gpio_driver.o
 .debug_macro   0x00001218       0xc4 ./Drivers/Src/stm32f446xx_gpio_driver.o
 .debug_macro   0x000012dc       0x96 ./Src/002Led_button.o

.debug_line     0x00000000      0xd3f
 .debug_line    0x00000000      0x7f4 ./Drivers/Src/stm32f446xx_gpio_driver.o
 .debug_line    0x000007f4      0x4d0 ./Src/002Led_button.o
 .debug_line    0x00000cc4       0x7b ./Startup/startup_stm32f446retx.o

.debug_str      0x00000000     0x529e
 .debug_str     0x00000000     0x521d ./Drivers/Src/stm32f446xx_gpio_driver.o
                               0x53a1 (size before relaxing)
 .debug_str     0x0000521d       0x42 ./Src/002Led_button.o
                               0x5182 (size before relaxing)
 .debug_str     0x0000525f       0x3f ./Startup/startup_stm32f446retx.o
                                 0x76 (size before relaxing)

.comment        0x00000000       0x43
 .comment       0x00000000       0x43 ./Drivers/Src/stm32f446xx_gpio_driver.o
                                 0x44 (size before relaxing)
 .comment       0x00000043       0x44 ./Src/002Led_button.o

.debug_frame    0x00000000      0x224
 .debug_frame   0x00000000      0x1a0 ./Drivers/Src/stm32f446xx_gpio_driver.o
 .debug_frame   0x000001a0       0x58 ./Src/002Led_button.o
 .debug_frame   0x000001f8       0x2c C:/ST/STM32CubeIDE_1.11.2/STM32CubeIDE/plugins/com.st.stm32cube.ide.mcu.externaltools.gnu-tools-for-stm32.12.3.rel1.win32_1.1.0.202410251130/tools/bin/../lib/gcc/arm-none-eabi/12.3.1/../../../../arm-none-eabi/lib/thumb/v7e-m/nofp\libc_nano.a(libc_a-init.o)

.debug_line_str
                0x00000000       0x5a
 .debug_line_str
                0x00000000       0x5a ./Startup/startup_stm32f446retx.o
